Running "ignore_messages_tests" (5 tests)...
ignore_messages_tests.c:000: Exception: IgnoreMessage -> should_not_count_exceptions_as_ignored 
	Test terminated with signal: Segmentation fault

ignore_messages_tests.c:000: Failure: IgnoreMessage -> should_not_count_failing_tests_as_ignored 
	Expected [0] to [be true]

  "IgnoreMessage": 1 pass, 1 skipped, 1 failure, 1 exception in 0ms.
Completed "ignore_messages_tests": 1 pass, 1 skipped, 1 failure, 1 exception in 0ms.
